// Jest Snapshot v1, https://goo.gl/fbAQLP

exports[`Label renders a snapshot properly 1`] = `
<span
  className="ui header"
  style={
    Object {
      "color": "firebrick",
      "letterSpacing": "0.25rem",
    }
  }
>
  dog
</span>
`;
