// Jest Snapshot v1, https://goo.gl/fbAQLP

exports[`Register form RegisterForm renders a snapshot properly 1`] = `[Function]`;

exports[`Register form RegisterForm renders a snapshot properly 2`] = `[Function]`;
